
> pi-network-app@0.1.0 build
> next build

node.exe : ΓÜá `eslint` configuration in next.config.mjs is no longer 
supported. See more info here: 
https://nextjs.org/docs/app/api-reference/cli/next#next-lint-options
At line:1 char:1
+ & "C:\Program Files\nodejs/node.exe" "C:\Program Files\nodejs/node_mo ...
+ ~~~~~~~~~~~~~~~~~~~~~~~~~~~~~~~~~~~~~~~~~~~~~~~~~~~~~~~~~~~~~~~~~~~~~
    + CategoryInfo          : NotSpecified: (ΓÜá `eslint` co...xt-lint-options 
   :String) [], RemoteException
    + FullyQualifiedErrorId : NativeCommandError
 
ΓÜá Invalid next.config.mjs options detected: 
ΓÜá     Unrecognized key(s) in object: 'eslint'
ΓÜá See more info here: https://nextjs.org/docs/messages/invalid-next-config
ΓÜá Warning: Next.js inferred your workspace root, but it may not be correct.
 We detected multiple lockfiles and selected the directory of 
C:\Users\PK-LUX\Desktop\package-lock.json as the root directory.
 To silence this warning, set `turbopack.root` in your Next.js config, or 
consider removing one of the lockfiles if it's not needed.
   See https://nextjs.org/docs/app/api-reference/config/next-config-js/turbopac
k#root-directory for more information.
 Detected additional lockfiles: 
   * C:\Users\PK-LUX\Desktop\pipulse\pnpm-lock.yaml

Γû▓ Next.js 16.1.6 (Turbopack)
- Environments: .env.local, .env

  Creating an optimized production build ...
Γ£ô Compiled successfully in 29.7s
  Skipping validation of types
ΓÜá Minimum recommended TypeScript version is v5.1.0, older versions can 
potentially be incompatible with Next.js. Detected: 5.0.2
  Collecting page data using 3 workers ...
≡ƒöÉ Using server-side Supabase client (service role key)
≡ƒöÉ Using server-side Supabase client (service role key)
  Generating static pages using 3 workers (0/34) ...
  Generating static pages using 3 workers (8/34) 
≡ƒöÉ Using server-side Supabase client (service role key)
  Generating static pages using 3 workers (16/34) 
≡ƒöÉ Using server-side Supabase client (service role key)
  Generating static pages using 3 workers (25/34) 
Γ£ô Generating static pages using 3 workers (34/34) in 2.6s
  Finalizing page optimization ...

Route (app)
Γöî Γùï /
Γö£ Γùï /_not-found
Γö£ Γùï /admin
Γö£ Γùï /admin/analytics
Γö£ Γùï /admin/dashboard
Γö£ Γùï /admin/disputes
Γö£ Γùï /admin/settings
Γö£ Γùï /admin/submissions
Γö£ Γùï /admin/tasks
Γö£ Γùï /admin/transactions
Γö£ Γùï /admin/users
Γö£ ╞Æ /api/admin/analytics
Γö£ ╞Æ /api/admin/cleanup/fix-slots
Γö£ ╞Æ /api/admin/debug
Γö£ ╞Æ /api/admin/disputes
Γö£ ╞Æ /api/admin/disputes/resolve
Γö£ ╞Æ /api/admin/settings
Γö£ ╞Æ /api/admin/stats
Γö£ ╞Æ /api/admin/submissions
Γö£ ╞Æ /api/admin/submissions/approve
Γö£ ╞Æ /api/admin/submissions/reject
Γö£ ╞Æ /api/admin/tasks
Γö£ ╞Æ /api/admin/tasks/remove
Γö£ ╞Æ /api/admin/tasks/toggle-featured
Γö£ ╞Æ /api/admin/transactions
Γö£ ╞Æ /api/admin/users
Γö£ ╞Æ /api/admin/users/update-status
Γö£ ╞Æ /api/admin/verify-password
Γö£ ╞Æ /api/leaderboard
Γö£ ╞Æ /api/notifications
Γö£ ╞Æ /api/payments/approve
Γö£ ╞Æ /api/payments/complete
Γö£ ╞Æ /api/submissions
Γöö ╞Æ /api/user


Γùï  (Static)   prerendered as static content
╞Æ  (Dynamic)  server-rendered on demand

